../Core/Src/main.c:87:6:HAL_GPIO_EXTI_Callback	16	static
../Core/Src/main.c:95:7:mapFloat	32	static
../Core/Src/main.c:101:10:mapInverse	24	static
../Core/Src/main.c:112:12:SHT31_Read	64	static
../Core/Src/main.c:145:5:main	160	static
../Core/Src/main.c:329:6:SystemClock_Config	96	static
../Core/Src/main.c:390:13:MX_I2C1_Init	8	static
../Core/Src/main.c:438:13:MX_I2C3_Init	8	static
../Core/Src/main.c:486:13:MX_TIM1_Init	112	static
../Core/Src/main.c:566:13:MX_TIM2_Init	64	static
../Core/Src/main.c:625:13:MX_USART2_UART_Init	8	static
../Core/Src/main.c:660:13:MX_GPIO_Init	40	static
../Core/Src/main.c:709:6:Error_Handler	4	static,ignoring_inline_asm
