../Core/Src/main.c:87:6:HAL_GPIO_EXTI_Callback	2
../Core/Src/main.c:95:7:mapFloat	3
../Core/Src/main.c:101:10:mapInverse	3
../Core/Src/main.c:112:12:SHT31_Read	3
../Core/Src/main.c:145:5:main	10
../Core/Src/main.c:329:6:SystemClock_Config	4
../Core/Src/main.c:390:13:MX_I2C1_Init	4
../Core/Src/main.c:438:13:MX_I2C3_Init	4
../Core/Src/main.c:486:13:MX_TIM1_Init	7
../Core/Src/main.c:566:13:MX_TIM2_Init	6
../Core/Src/main.c:625:13:MX_USART2_UART_Init	2
../Core/Src/main.c:660:13:MX_GPIO_Init	1
../Core/Src/main.c:709:6:Error_Handler	1
